data/RG.csv
,Week,AdvertisingSpend,CompetitorPrice,UnitCost,PriceLevel,SeasonIndex,Sales
390,391,153,141,64,133,-0.569341047400154,345
391,392,133,145,85,177,0.04851649533737179,299
392,393,276,143,108,194,0.031010696661747217,491
393,394,161,149,62,154,-0.6523973633501737,378
394,395,266,142,66,140,-0.6875955945357901,457
395,396,148,112,117,132,-0.2901289907872458,363
396,397,202,120,108,175,-0.7854262254680684,344
397,398,142,127,98,112,-0.64651023210817,311
398,399,195,92,112,145,-0.9131476437934415,451
399,400,177,110,60,108,-0.46812402614133247,456
400,401,159,147,108,171,-0.8239179289506019,339
401,402,131,83,76,165,-0.8284121425222967,274
402,403,243,98,102,144,-0.830108038379924,440
403,404,103,149,84,181,-1.159242994996368,212
404,405,212,92,118,181,-1.1099135585028146,272
405,406,257,102,62,149,-0.7042425508174224,530
406,407,238,80,74,148,-0.8475321768231241,401
407,408,218,133,88,122,-1.176267168237191,365
408,409,277,94,112,108,-0.18657942078366452,453
409,410,210,144,102,117,-0.3697010980516669,477
410,411,117,94,91,141,-0.556776849577651,336
411,412,82,100,85,138,-0.5467734665837641,315
412,413,191,98,119,126,-0.2950021297835094,307
413,414,70,139,75,115,-0.08405963454033388,409
414,415,97,112,84,188,-0.7304369009563405,247
415,416,197,128,113,187,0.6337049128457312,417
416,417,297,114,87,188,-0.11642861249475361,559
417,418,177,123,68,129,0.2387439743909311,485
418,419,185,90,115,169,0.36506495187627436,402
419,420,184,145,115,127,1.0637782376504266,392
420,421,244,125,60,166,0.541627594429145,528
421,422,194,88,88,176,1.1396748465468827,452
422,423,177,82,116,143,0.8705289890094303,464
423,424,82,105,81,111,0.5344184072318721,424
424,425,225,127,75,105,0.9258682660840488,538
425,426,253,145,100,117,0.8994636261709397,539
426,427,236,149,110,124,0.6457206719547843,596
427,428,164,107,103,149,1.1000257049397264,439
428,429,263,105,110,134,1.0066308249549567,464
429,430,168,104,113,135,1.1596353857356168,406
430,431,71,91,100,161,1.028947651305546,311
431,432,287,84,66,197,0.739685373581195,509
432,433,207,127,73,144,1.1159562233403053,596
433,434,87,116,88,175,0.6356643818175874,243
434,435,279,123,78,174,-0.18139040866388023,454
435,436,158,94,78,115,0.7017185426270647,470
436,437,100,122,61,193,0.40184262856096264,377
437,438,231,127,100,174,0.5793623233627557,560
438,439,57,149,104,114,0.9542664078244519,471
439,440,76,125,74,194,0.8476375722319761,313
440,441,76,122,62,154,0.07099980358877794,278
441,442,275,100,70,95,-0.24795455137381817,532
442,443,70,102,112,112,0.05486830432005792,270
443,444,79,126,105,153,-0.350383341847461,237
444,445,146,94,89,176,-0.23707193033845103,338
445,446,77,104,116,132,-0.6629814007118242,250
446,447,160,115,99,196,-0.4928570219243247,274
447,448,241,130,77,112,-0.906714903928834,411
448,449,274,94,110,185,-0.39323472336166315,376
449,450,246,147,107,119,-0.9999771731194385,388
450,451,110,100,61,166,-0.6871252649327184,324
451,452,97,92,91,196,-1.3144464276410703,171
452,453,196,98,67,107,-0.7365896604428449,376
453,454,53,113,81,176,-1.2826240948785135,183
454,455,84,147,65,168,-0.9216469579076473,286
455,456,241,131,71,186,-0.6857485820936584,429
456,457,98,106,106,110,-1.030936686993086,346
457,458,66,108,116,146,-1.2437663159091974,194
458,459,221,107,99,192,-0.7364122735124331,368
459,460,269,114,95,112,-1.0752782855896195,395
460,461,207,87,74,180,-0.8697844279302721,306
461,462,270,95,87,134,-0.5834838603920789,434
462,463,95,115,111,133,-0.15986193589884523,283
463,464,166,109,116,171,-0.4567571659039279,319
464,465,55,97,108,177,-0.34774763408900405,163
465,466,148,81,104,136,-0.018061796200699975,374
466,467,173,128,77,129,-0.10542511125342742,420
467,468,282,83,61,140,0.1906590599498672,578
468,469,86,86,72,131,0.4440967440741991,322
469,470,73,118,104,96,0.14099451920715822,295
470,471,142,92,113,139,-0.6278983031314996,276
471,472,290,110,74,137,0.21934504396812474,526
472,473,95,142,79,173,0.9306693499817499,463
473,474,230,135,88,180,0.6529932238214975,523
474,475,144,121,118,95,0.6467716668927309,523
475,476,148,140,101,180,1.173019363854615,437
476,477,237,121,88,98,0.855058550784242,378
477,478,274,135,62,198,0.3072562809606666,532
478,479,165,115,78,146,0.5193511991235483,465
479,480,240,147,62,120,1.1183032803431248,660
480,481,262,86,113,110,0.9799327175215821,540
481,482,209,133,73,179,1.4291058177468203,538
482,483,264,80,99,129,0.7509612122848002,598
483,484,210,123,118,134,0.8421660140842754,427
484,485,116,124,114,166,0.6201051037352052,344
485,486,177,126,63,138,0.6668056125895214,461
486,487,67,92,118,176,0.1809395777950188,243
487,488,74,101,119,109,0.5474172590256349,419
488,489,283,100,111,190,0.5525040876001892,496
489,490,272,88,70,181,0.4238239193040666,522
490,491,103,105,117,106,0.9994708661623741,321
491,492,107,88,90,117,0.7893610374406532,368
492,493,116,94,102,130,-0.10473316103300256,382
493,494,153,89,91,155,-0.6131810083957728,305
494,495,223,121,86,114,-0.1502967861347925,439
495,496,73,103,89,147,-0.1263626228363683,372
496,497,163,128,102,130,-0.6127501090573841,350
497,498,81,105,61,95,-0.7080158622214783,371
498,499,224,116,108,164,-0.09329825593739638,357
499,500,135,147,68,127,-0.7403881295843822,386
500,501,200,129,87,95,-0.5498356924623766,520
501,502,243,103,90,134,-1.1020755752499922,436
502,503,176,98,119,164,-0.902538163270647,205
503,504,204,139,93,103,-1.0359177487757685,362
504,505,283,118,115,155,-1.173553789067037,362
505,506,179,97,74,129,-0.6461187506415464,446
506,507,267,98,107,92,-1.4166631028899042,318
507,508,66,115,84,188,-0.9026918264446675,189
508,509,153,134,95,186,-1.0774783140732038,220
509,510,210,148,67,113,-0.8105688980746526,395
510,511,186,126,68,108,-0.9879290153187201,324
511,512,92,128,117,107,-0.5628259473179775,384
512,513,295,112,117,153,-1.0304215276467446,363
513,514,225,100,96,177,-0.31585670073820366,434
514,515,88,101,107,198,-0.5767055551334835,229
515,516,270,127,104,124,-0.8632739307483122,422
516,517,219,116,98,151,-0.15054025027168771,383
517,518,296,94,91,90,-0.29897058734285786,547
518,519,75,114,117,189,-0.63288805809719,205
519,520,148,111,111,114,0.09974042512765861,388
520,521,99,90,76,134,0.42251539483863176,329
521,522,202,89,94,138,0.6239563863955901,429
522,523,201,136,96,196,0.24109932226260022,463
523,524,62,104,78,187,0.508318588641492,327
524,525,109,81,103,178,0.5832256495690263,360
525,526,299,143,88,105,1.1100634477121996,574
526,527,184,114,118,187,0.5053641734591054,475
527,528,106,86,66,182,0.683586030232294,358
528,529,85,97,87,108,0.6350399328182654,387
529,530,222,146,68,112,0.5002710857515472,519
530,531,69,121,87,172,1.0452779717416742,477
531,532,114,118,65,114,1.4730983736313301,481
532,533,57,120,88,105,0.9404546624454817,377
533,534,287,103,117,143,0.7281398876351137,536
534,535,193,139,76,162,1.026999728095674,498
535,536,191,125,75,90,1.1117516963172105,541
536,537,253,98,82,131,0.8385470844222396,671
537,538,164,147,90,108,1.2440444654799145,530
538,539,264,121,62,186,0.5048021798848449,534
539,540,192,111,80,123,0.5770317672870912,448
540,541,141,118,85,169,0.6568611181840427,484
541,542,147,115,95,197,0.5826122978291202,481
542,543,115,115,101,193,0.3687733147319797,397
543,544,81,82,96,144,-0.14421031241958526,338
544,545,264,87,112,107,0.8219401015172292,522
545,546,240,149,81,123,-0.07079097451383096,511
546,547,135,120,101,178,-0.08745642467992115,275
547,548,100,147,71,134,-0.05428733633566696,328
548,549,202,92,101,95,-0.5455564958373922,305
549,550,235,128,72,110,-0.44764524578254095,490
550,551,112,139,70,159,-0.7712218180271442,272
551,552,239,81,113,185,-0.5384574357985215,325
552,553,174,139,75,194,-0.8313175427377641,365
553,554,199,84,67,137,-0.7423683077022539,446
554,555,107,123,99,196,-1.1994172295988925,207
555,556,107,106,118,128,-1.183691172887276,279
556,557,135,111,116,120,-1.3804840204830944,299
557,558,98,100,99,195,-1.2058678978959165,148
558,559,229,87,104,99,-1.772057273109442,393
559,560,219,129,118,119,-1.0848389358044033,350
560,561,119,146,61,107,-1.1312138990149303,312
561,562,64,123,89,149,-0.8897429535978968,230
562,563,103,137,89,177,-0.8720737083229229,257
563,564,284,82,71,162,-0.4458599353493384,431
564,565,237,149,69,184,0.029782307261134178,441
565,566,150,81,103,104,-0.32186095429560696,300
566,567,274,123,70,93,-0.7039970235436894,504
567,568,57,81,74,152,-0.612740396956736,249
568,569,102,114,75,129,-0.09400597433582703,384
569,570,109,109,76,98,-0.7443190726594056,314
570,571,285,87,85,198,-0.21509755810437065,462
571,572,157,101,61,98,-0.07144588051315298,481
572,573,54,123,109,115,0.295776125700965,389
573,574,152,137,71,93,0.4234755681297847,563
574,575,245,115,110,170,0.1312367249246145,519
575,576,55,148,85,105,0.34041137353220907,418
576,577,158,110,82,104,0.7015960231809706,553
577,578,273,126,77,188,0.42344646146516396,543
578,579,165,134,91,141,1.11034627860339,492
579,580,143,141,108,158,1.0057364359257286,534
580,581,96,109,97,94,0.9369088901116601,288
581,582,148,134,116,109,1.0522984221696865,442
582,583,104,95,106,168,0.8308746323438113,424
583,584,217,91,62,107,0.8048214474417672,592
584,585,101,96,97,91,0.8725833351583837,532
585,586,193,95,62,182,1.1426988817760098,518
586,587,62,91,89,102,1.0312463116386477,348
587,588,163,87,60,93,0.8082019047776035,485
588,589,173,82,89,131,1.1103305486455113,489
589,590,155,95,104,198,0.7707999391928114,489
590,591,207,109,91,163,0.5405175244943559,559
591,592,196,102,87,150,0.739425111030351,455
592,593,194,84,80,184,0.26415589324430894,428
593,594,169,144,117,194,-0.04144395293694442,310
594,595,112,109,105,97,0.3530735143729592,358
595,596,68,100,72,156,0.04209152617430126,389
596,597,141,149,86,152,0.044290374454368675,471
597,598,107,101,95,199,-0.2900198754433285,266
598,599,232,111,66,98,0.24214296165544602,521
599,600,139,112,81,183,-0.43776348746599547,339
600,601,278,95,69,100,-0.4842047004937827,534
601,602,267,117,98,188,-0.35135819176879696,401
602,603,166,93,112,190,-0.9810490362279546,172
603,604,111,115,74,131,-1.0982875902154072,337
604,605,72,102,74,102,-0.634224897463074,293
605,606,176,145,63,125,-0.9564681550323011,370
606,607,186,81,91,102,-1.1559045577214555,377
607,608,189,144,82,101,-0.7540042908012158,433
608,609,294,146,114,126,-1.21451831515845,440
609,610,178,131,65,163,-1.0750625639627307,261
610,611,107,141,83,162,-1.2688391403917538,293
611,612,171,102,79,141,-0.9016777182231073,256
612,613,50,105,117,160,-0.5713189596110221,253
613,614,288,147,96,91,-1.4933282214850494,481
614,615,83,134,79,145,-0.8516587190280194,206
615,616,145,85,71,149,-0.5660073333277504,376
616,617,175,114,92,112,-0.874954072362836,402
617,618,167,101,87,192,-1.002435370529558,279
618,619,97,122,67,129,-0.44177568859293626,360
619,620,138,94,60,153,-0.16422712103064546,237
620,621,281,139,96,192,-0.0874482337488946,531
621,622,286,91,81,174,-0.1295428629131148,472
622,623,166,128,65,112,-0.09116255897272758,444
623,624,178,121,80,118,-0.26970376661529327,453
624,625,65,117,91,167,0.38011016535851094,390
625,626,238,124,94,179,0.4823027082933095,511
626,627,280,114,74,140,0.013187391445949548,622
627,628,241,109,64,158,0.574067090397705,462
628,629,240,109,119,184,0.7639119093870882,477
629,630,118,85,115,178,0.9277567898634504,335
630,631,71,146,105,120,0.726013862432934,342
631,632,142,86,109,139,0.5657135936498172,301
632,633,296,131,107,109,0.7348211716939969,602
633,634,244,93,65,197,0.6328412851486247,551
634,635,125,94,84,144,0.9556236178915548,489
635,636,203,100,115,170,0.9186432551274466,508
636,637,193,114,105,198,1.6435109262306122,434
637,638,228,145,118,91,1.2611120168294936,609
638,639,278,81,115,114,1.2618062374927825,638
639,640,135,114,99,102,1.0764219899337326,442
640,641,234,99,88,192,0.7752607316526561,502
641,642,78,89,66,181,0.7403668782482395,328
642,643,255,104,99,195,0.6933499582261156,560
643,644,269,145,72,159,0.7195926400511404,479
644,645,118,104,97,156,0.6848156897981891,423
645,646,96,133,77,147,0.46493576034792905,379
646,647,290,112,61,188,0.267425343839592,467
647,648,143,115,67,171,0.06108097514116431,298
648,649,287,93,70,164,-0.29725794707964526,482
649,650,239,144,92,173,0.3850137495140091,428
650,651,293,133,113,153,0.5411221902243065,512
651,652,246,131,97,158,0.12048536999092843,546
652,653,253,82,107,172,-0.73232457482177,389
653,654,193,120,86,175,-0.22861820115150583,480
654,655,267,85,79,148,-0.2609318562449105,412
655,656,267,104,71,149,-0.7841539678271978,393
656,657,225,92,102,172,-0.6018325762793938,326
657,658,134,87,90,151,-0.95987477565044,271
658,659,88,100,86,105,-0.42677732720908335,462
659,660,149,147,91,177,-0.8254049660208151,243
660,661,82,104,69,194,-1.2460884648373682,279
661,662,271,147,62,157,-0.7917664446952526,434
662,663,150,124,104,104,-0.6823657979529258,349
663,664,72,139,86,178,-0.9332693787572909,204
664,665,299,91,94,197,-0.8271093099030721,454
665,666,59,111,90,144,-0.9559422714540572,214
666,667,295,92,74,124,-1.2257401615970864,500
667,668,118,110,75,144,-0.868503993419804,326
668,669,149,99,72,103,-0.5915988582820322,272
669,670,83,97,108,138,-0.7015307186357691,315
670,671,229,139,94,172,-0.32783511870928617,317
671,672,272,142,111,191,-0.5823776404030446,334
672,673,187,85,70,189,-0.45258213527779023,338
673,674,299,111,118,96,0.010020335110601186,480
674,675,196,122,80,119,-0.05398092521439987,526
675,676,235,81,110,172,-0.12351647434667361,392
676,677,145,139,113,138,0.4306782930579084,470
677,678,50,102,70,178,0.0326949489023918,256
678,679,297,110,89,105,0.1365201993373314,567
679,680,118,84,119,193,-0.3841114712754585,287
680,681,286,113,107,140,0.4018741821579123,546
681,682,53,89,112,161,1.055737661917467,301
682,683,65,81,94,171,0.12682294231937297,254
683,684,73,90,81,181,0.5374078238248909,306
684,685,129,129,97,169,1.0171765924202578,335
685,686,296,110,90,172,0.26155621051759725,498
686,687,51,135,73,131,0.8177322333731217,360
687,688,290,88,83,106,1.3349678387812767,628
688,689,269,100,109,152,1.6129077405546965,581
689,690,177,107,108,134,1.079782843798163,524
690,691,209,141,91,166,0.6930017119537166,482
691,692,268,86,95,96,0.6469776210909319,507
692,693,133,95,91,116,0.9289284164524861,425
693,694,201,83,114,99,0.9072728622431875,514
694,695,189,83,74,123,1.3058893761885813,453
695,696,227,119,102,125,0.9543641140019667,473
696,697,212,96,117,114,0.5932966930976961,416
697,698,173,131,94,95,0.36416099606594077,472
698,699,82,131,62,113,1.2590183998332019,509
699,700,210,115,75,107,0.4272941042863354,516
700,701,238,117,64,176,-0.08008883381793949,344
701,702,228,129,80,95,-0.06738687707743642,400
702,703,220,142,69,118,-0.38377310225624045,470
703,704,150,142,78,114,-0.9606805220426566,318
704,705,61,141,84,144,-0.26080958968034246,320
705,706,116,86,63,170,0.0700130929234275,353
706,707,114,106,88,135,-1.0572319074053405,363
707,708,210,93,78,113,-0.6465438794770902,286
708,709,217,84,102,164,-0.9605821819123767,361
709,710,123,134,61,115,-0.6665331082226943,412
710,711,92,81,69,187,-0.9371550726705717,296
711,712,93,141,102,117,-1.343032639010697,298
712,713,78,100,84,92,-1.2652729316109725,305
713,714,190,100,79,164,-1.2417990336933156,299
714,715,61,89,107,127,-0.5967045376038377,171
715,716,144,137,78,150,-0.6047310910190091,248
716,717,95,118,82,167,-1.0643461835598635,250
717,718,179,84,83,140,-0.5666752126500164,338
718,719,292,144,70,179,-0.9374111774720589,522
719,720,291,92,105,137,-0.920982693428712,399
720,721,84,132,93,110,-0.7313753960057519,245
721,722,264,124,114,143,-0.5776750746537124,363
722,723,130,111,87,145,-0.7346981845906583,395
723,724,139,115,64,192,-0.45816344938910913,342
724,725,57,139,118,183,-0.11840813534859188,227
725,726,142,90,64,148,-0.2004537725257356,387
726,727,203,142,110,161,-0.1077018096180246,511
727,728,251,100,80,140,0.14825406428423504,484
728,729,139,131,71,109,0.32054849851289663,497
729,730,211,134,109,185,0.22053091870368008,482
730,731,164,105,63,175,0.2123505699190846,310
731,732,154,147,113,148,0.5214841630860279,360
732,733,184,113,108,160,0.08987562778416236,460
733,734,245,131,101,98,0.6000260595896417,502
734,735,107,131,79,198,0.007042775676821655,343
735,736,294,108,97,90,0.3202463308627017,531
736,737,163,117,84,118,0.337600270828197,404
737,738,286,121,73,152,1.2492217654213282,600
738,739,124,100,70,161,0.9751363622168469,477
739,740,206,121,91,145,0.6140941671331532,505
740,741,169,92,70,157,1.1473198130336069,507
741,742,213,143,77,124,1.2893052179080096,698
742,743,266,96,86,92,1.1234874842702656,670
743,744,70,88,114,198,0.8784032041376433,215
744,745,298,120,113,193,0.9552020111790218,525
745,746,213,80,77,96,1.0934328258364816,641
746,747,187,81,115,116,0.6077369968723053,395
747,748,150,139,82,90,0.6720827352181378,603
748,749,250,127,70,180,0.4909068333492257,493
749,750,201,108,80,169,-0.01930158375197283,409
750,751,241,89,103,191,0.6295753412358362,490
751,752,276,137,64,160,0.8564972237857631,586
752,753,226,139,82,133,-0.14160170611702566,479
753,754,148,100,100,176,0.2888040704658897,433
754,755,289,107,118,130,-0.3731348141837974,503
755,756,85,113,84,164,-0.19947931976444075,326
756,757,259,87,100,131,0.09779879509440054,536
757,758,290,138,113,122,-0.6208548676613936,523
758,759,280,128,69,139,-0.5724706710487171,457
759,760,145,96,81,152,-1.203573557193213,395
760,761,201,139,78,189,-0.9477720513549716,403
761,762,200,124,60,126,-1.3948655624938655,375
762,763,239,148,66,194,-0.7567025896907121,334
763,764,273,111,63,148,-0.685524974999941,421
764,765,86,123,60,170,-1.0374322833972915,352
765,766,61,144,74,188,-0.9069427839210146,328
766,767,162,87,99,137,-1.0977191365751342,292
767,768,232,122,71,94,-0.7705452643357227,347
768,769,62,80,81,137,-0.9321032368884931,186
769,770,72,130,81,185,-1.5307152494264806,118
770,771,266,103,109,92,-0.6034617802253641,344
771,772,148,103,106,136,-0.9398467042686061,395
772,773,154,96,76,151,-1.1296245895336305,398
773,774,79,84,88,188,-0.794802849943999,158
774,775,66,99,105,103,-1.1386856412950839,228
775,776,162,100,73,152,-0.8396899654154828,299
