data/RG.csv
,Week,AdvertisingSpend,CompetitorPrice,UnitCost,PriceLevel,SeasonIndex,Sales
1525,1526,183,90,63,107,0.5701121965963589,522
1526,1527,249,133,104,136,1.2987713589279914,631
1527,1528,72,124,85,122,0.8426420605269237,423
1528,1529,96,126,87,190,0.3732716341200353,285
1529,1530,139,91,91,187,0.3808085852476707,351
1530,1531,95,100,104,173,0.9129820992367013,358
1531,1532,156,90,61,124,-0.04456702523142472,445
1532,1533,189,84,90,140,-0.40879777141382545,462
1533,1534,267,135,62,107,0.08730205873915503,514
1534,1535,190,99,113,199,-0.026444570032946355,345
1535,1536,153,120,67,177,-0.03950529227060551,450
1536,1537,239,125,83,161,-0.15281715878096316,472
1537,1538,259,91,74,119,0.06648852317637644,596
1538,1539,266,149,102,133,-1.0835059938439686,342
1539,1540,274,96,90,142,-1.0239636166344033,429
1540,1541,160,98,68,99,-0.5498497479872387,441
1541,1542,153,105,98,176,-1.154671516407988,315
1542,1543,109,127,104,141,-1.3224324176310092,236
1543,1544,220,131,61,138,-0.3752628769998291,495
1544,1545,253,149,67,100,-1.4569244569253372,418
1545,1546,285,134,66,155,-1.0980904852312448,412
1546,1547,149,112,115,147,-1.0178102353694214,228
1547,1548,289,141,103,179,-0.5999678815090717,375
1548,1549,117,102,110,125,-1.5315827349108,204
1549,1550,182,94,98,122,-0.810373697233537,343
1550,1551,169,106,101,136,-1.1525691431312253,278
1551,1552,86,143,116,102,-0.6347005021159229,280
1552,1553,121,130,75,129,-1.0205530659791553,385
1553,1554,176,132,94,178,-0.19143078138507302,342
1554,1555,155,130,89,157,-0.8383557522590376,445
1555,1556,290,126,69,131,-1.2033170838107417,489
1556,1557,141,83,97,108,-0.5912596619649428,329
1557,1558,80,86,77,171,-0.3177056974582358,260
1558,1559,171,114,109,190,0.20416948169336813,339
1559,1560,186,127,64,183,-0.37752444916949773,406
1560,1561,295,124,112,108,-0.2510571578789128,371
1561,1562,100,98,88,147,0.5274890354002483,417
1562,1563,78,142,98,112,-0.0579626483461495,212
1563,1564,255,117,119,143,0.4110281396262717,482
1564,1565,89,146,93,169,0.5204693916904218,295
1565,1566,90,138,102,154,0.7283965191436839,326
1566,1567,263,148,104,101,0.5235562850563265,522
1567,1568,60,92,82,113,0.5448855498912808,445
1568,1569,200,126,64,123,0.985924358178896,471
1569,1570,50,140,89,142,0.6662174867344809,387
1570,1571,95,110,65,97,0.562951060390296,480
1571,1572,150,101,115,107,1.3610488704535588,345
1572,1573,198,122,117,146,1.1464286144137548,436
1573,1574,139,146,105,94,1.5229595928276582,589
1574,1575,159,133,103,115,1.2061321127911382,405
1575,1576,213,89,63,119,0.5545731471959761,553
1576,1577,231,121,88,143,0.9143667976712189,519
1577,1578,264,143,82,102,0.5182953894781742,579
1578,1579,106,100,65,172,0.2530278691556384,366
1579,1580,50,145,91,118,0.5289628403197979,370
1580,1581,112,120,101,92,0.8625246093208828,373
1581,1582,231,103,77,179,0.5471969852800285,458
1582,1583,104,114,74,193,-0.06266335233509523,355
1583,1584,164,135,99,147,0.09461319172372915,427
1584,1585,217,109,117,165,0.07767670465274125,438
1585,1586,192,136,91,91,-0.5067337361912495,403
1586,1587,198,126,68,164,0.09341502931928443,505
1587,1588,224,114,96,197,-0.3079361721651681,406
1588,1589,250,98,69,117,-0.771783345322146,363
1589,1590,102,87,79,171,-0.8988752501660646,242
1590,1591,186,105,65,166,-0.2378655632546568,349
1591,1592,251,109,107,190,-0.7773665678845242,316
1592,1593,229,86,115,175,-0.39140513948415717,327
1593,1594,106,146,118,165,-0.3513372219228451,322
1594,1595,166,144,62,91,-0.5787215437964393,402
1595,1596,203,115,101,190,-1.09504576667066,346
1596,1597,218,104,70,96,-1.7202959532962367,352
1597,1598,84,116,102,115,-0.8988099827376034,221
1598,1599,112,80,76,179,-0.3725270890664356,268
1599,1600,293,94,91,177,-1.0033258975502015,466
1600,1601,74,116,63,165,-1.5678864730658013,238
1601,1602,139,92,63,105,-1.1374797916144546,374
1602,1603,124,87,76,112,-0.9405760080832534,379
1603,1604,87,84,100,129,-1.1523804361196095,232
1604,1605,179,139,78,149,-1.5176969385650785,218
1605,1606,184,80,64,162,-0.6924778893053173,369
1606,1607,259,115,91,121,-0.8035276206384667,406
1607,1608,268,114,81,104,0.06708432622621391,608
1608,1609,211,145,115,190,-0.3242948406477073,389
1609,1610,140,142,65,102,-0.09844199521804309,386
1610,1611,66,102,94,94,-0.15626252330413554,326
1611,1612,177,88,81,164,0.028119990952141297,418
1612,1613,220,113,60,163,-0.3751531062533263,370
1613,1614,236,125,79,141,-0.07273422727882711,535
1614,1615,157,83,81,166,0.6811892974383242,407
1615,1616,228,109,107,130,0.5275617629628189,533
1616,1617,231,82,114,142,0.4485126713664005,457
1617,1618,201,93,70,199,0.8089740306805413,556
1618,1619,74,139,72,139,0.9002693211232703,444
1619,1620,248,124,118,104,1.4202522557768997,595
1620,1621,229,113,101,195,0.9343759288188715,463
1621,1622,247,124,62,96,0.6162639700323288,613
1622,1623,294,140,68,129,0.9362328725513497,535
1623,1624,137,95,119,117,1.1749785622344668,419
1624,1625,210,145,71,121,1.2986977034286107,492
1625,1626,226,119,82,188,0.5081993124596916,401
1626,1627,78,96,73,104,1.0470538332735968,390
1627,1628,112,113,92,189,0.6658397644359781,414
1628,1629,284,95,77,174,0.7154664482673843,524
1629,1630,199,139,108,159,1.076735753166678,497
1630,1631,203,145,118,154,0.9723853100006886,449
1631,1632,205,145,100,93,0.4596769198815415,536
1632,1633,163,92,68,100,0.5207121404191393,458
1633,1634,262,135,82,197,0.30389863350753943,517
1634,1635,98,110,69,115,1.2221157840295862,411
1635,1636,248,113,78,150,0.32282311422115234,572
1636,1637,130,118,106,126,-0.13130779712650856,426
1637,1638,133,146,64,112,0.3966501438663349,451
1638,1639,154,87,106,182,0.28670172944965544,330
1639,1640,226,134,111,174,0.298185548869511,347
1640,1641,197,106,82,198,0.2717932177104931,377
1641,1642,167,132,89,198,-0.25240870718391173,236
1642,1643,135,118,84,180,-0.6730202698645841,251
1643,1644,269,144,87,192,-0.7239076885220882,448
1644,1645,112,96,93,129,-0.8361333386530482,270
1645,1646,238,109,104,166,-0.9441104760473554,501
1646,1647,153,132,115,112,-0.5134749834666292,323
1647,1648,98,92,107,105,-0.9347999706046123,241
1648,1649,120,100,106,183,-0.6795152579811856,307
1649,1650,50,98,84,150,-0.7897539076637592,146
1650,1651,273,132,69,157,-1.329596488936625,359
1651,1652,190,98,73,193,-1.5078618750567383,350
1652,1653,271,136,101,169,-1.341940707431575,378
1653,1654,264,104,116,120,-1.0630281530046535,387
1654,1655,228,110,105,142,-0.8451575955728463,319
1655,1656,172,134,117,195,-1.0174739640969819,279
1656,1657,233,102,89,114,-0.5375912041487768,383
1657,1658,260,111,114,133,-0.8214282165658837,421
1658,1659,111,141,100,101,-0.4909775152759898,275
1659,1660,81,89,84,179,-0.42944866784521385,240
1660,1661,207,133,73,190,0.16572504049367615,542
1661,1662,78,131,94,186,-0.5318879418176634,258
1662,1663,98,99,111,181,0.5419890470910723,306
1663,1664,222,111,107,98,-0.1783049558218608,413
1664,1665,270,93,93,101,-0.28148038685291926,503
1665,1666,79,129,69,158,0.174241167159605,376
1666,1667,193,107,94,143,1.3266466316335672,513
1667,1668,217,132,70,143,0.7332847425493534,538
1668,1669,68,103,70,117,0.7489539777635388,389
1669,1670,67,101,80,145,0.9016787167332403,365
1670,1671,50,109,80,188,0.5176327088204047,315
1671,1672,127,142,81,158,0.9207971788034153,339
1672,1673,164,83,104,187,0.8862067157483383,516
1673,1674,224,138,66,199,1.4777362672787344,621
1674,1675,291,87,114,187,0.9383355024500559,443
1675,1676,243,91,76,166,0.8792259107248289,554
1676,1677,295,110,61,192,0.6505601807892634,483
1677,1678,269,113,71,195,1.0347132201607425,515
1678,1679,162,128,116,198,1.0588273674817017,323
1679,1680,163,136,101,147,0.5745397862432553,447
1680,1681,271,105,77,167,1.0214051068713865,484
1681,1682,215,97,113,164,0.8929377230321139,487
1682,1683,228,117,118,131,1.0525444761362248,547
1683,1684,112,129,70,127,1.026833093611375,432
1684,1685,181,87,75,157,0.5963485348154424,460
1685,1686,178,120,108,142,0.15381370680413553,367
1686,1687,57,85,110,122,0.10541841287915638,288
1687,1688,206,148,77,160,0.7679539632112917,480
1688,1689,104,123,94,145,0.1701834981921179,397
1689,1690,152,143,112,194,0.5238461338653359,285
1690,1691,180,108,118,161,0.029044765290856117,313
1691,1692,81,107,85,190,-0.01319497313399376,239
1692,1693,59,90,75,140,-0.0729878021710938,304
1693,1694,251,144,65,163,-0.8316648163666085,493
1694,1695,260,98,116,132,-0.47597952169739355,438
1695,1696,159,88,103,104,-1.034222328649416,276
1696,1697,211,106,102,127,-0.8339844525343479,210
1697,1698,173,113,106,104,-0.6309329750567363,342
1698,1699,274,123,106,94,-1.1930561928129455,450
1699,1700,136,147,107,182,-0.7672150453271059,425
1700,1701,104,94,101,172,-1.4204525130658,165
1701,1702,269,130,71,143,-0.6497129269095829,430
1702,1703,81,92,119,140,-1.1993311546316043,211
1703,1704,227,128,72,99,-1.3008441013636909,401
1704,1705,184,149,63,101,-1.401548592223378,456
1705,1706,142,135,98,93,-1.1088223925367222,290
1706,1707,57,130,113,184,-1.4577395677402454,134
1707,1708,114,116,61,107,-0.9875036076261453,380
1708,1709,106,96,85,169,-0.41866464057117836,325
1709,1710,296,137,118,193,-0.719736138162741,461
1710,1711,116,108,86,125,-0.9213203315031597,271
1711,1712,265,112,86,114,-0.39684417707313124,553
1712,1713,264,139,74,176,-0.31323615428006135,383
1713,1714,236,134,67,165,0.34766732448814,434
1714,1715,121,89,66,187,0.11667962530678949,412
1715,1716,103,126,106,125,0.09167943815185252,334
1716,1717,298,102,114,190,0.3920566447631664,534
1717,1718,288,100,105,156,0.19900134383352663,477
1718,1719,278,92,99,98,0.3319809327706717,517
1719,1720,116,112,119,150,0.9624052630732165,329
1720,1721,100,103,71,142,0.07739103868629155,376
1721,1722,146,90,72,107,0.9535063121830498,550
1722,1723,141,96,102,132,0.7152733054647686,429
1723,1724,288,147,76,124,0.7355370395176557,620
1724,1725,57,126,76,152,0.7195872455450909,391
1725,1726,211,104,115,187,0.9811184488546703,385
1726,1727,84,100,95,194,0.9578829774746535,405
1727,1728,145,91,80,167,0.868298158079962,427
1728,1729,137,116,67,93,0.7892026764650047,457
1729,1730,127,121,64,182,0.4211097383627732,524
1730,1731,81,96,85,130,0.7538006941205553,390
1731,1732,169,127,75,134,0.7813276988071267,458
1732,1733,95,107,95,139,0.9308253473032764,389
1733,1734,284,120,87,168,1.41190963129812,595
1734,1735,193,126,113,117,0.5637238901170654,544
1735,1736,245,97,88,131,0.35600340211666914,493
1736,1737,293,92,106,169,0.35371591934022356,603
1737,1738,214,92,71,165,0.5107266023243926,404
1738,1739,231,110,96,158,0.5311955249814252,479
1739,1740,262,81,89,187,0.45781922820842064,425
1740,1741,191,95,82,195,0.36884907972559466,399
1741,1742,272,88,75,90,0.29076917628360416,528
1742,1743,104,117,73,128,-0.20420177149727056,331
1743,1744,225,133,69,185,0.3766263908348273,572
1744,1745,259,135,66,179,-0.4610354433901507,559
1745,1746,56,124,104,106,-0.43192099914148974,309
1746,1747,123,113,111,180,-0.17931662519932606,285
1747,1748,56,88,119,177,-0.49319514984445156,165
1748,1749,210,87,96,124,-1.4207647713779346,375
1749,1750,200,86,88,135,-0.8212931168045833,362
1750,1751,134,115,62,131,-0.626866598827267,343
1751,1752,196,97,74,128,-1.3380573265442874,364
1752,1753,161,82,95,179,-0.7457339788873548,347
1753,1754,174,107,106,138,-0.8756626920940184,302
1754,1755,196,149,105,151,-0.6448238548445882,337
1755,1756,85,123,111,127,-1.2002882707996474,172
1756,1757,78,100,78,112,-0.6721737927492786,324
1757,1758,237,107,72,111,-0.8871337684651727,538
1758,1759,131,133,101,93,-0.3556409344375293,302
1759,1760,51,133,80,138,0.01283111545033877,359
1760,1761,178,144,96,148,-0.28701161645535134,343
1761,1762,96,100,86,162,-0.5189670548083396,266
1762,1763,246,92,114,157,0.12823645208740286,467
1763,1764,197,136,111,160,-0.28367975954339775,355
1764,1765,60,128,88,176,-0.6269886010993118,266
1765,1766,283,133,79,91,-0.2510976563730408,540
1766,1767,179,89,84,138,0.10796497563317504,378
1767,1768,244,132,65,177,0.24778624668602509,557
1768,1769,264,123,95,193,-0.2170427866869889,429
1769,1770,168,126,61,184,-0.0887440216503497,355
1770,1771,189,132,81,120,0.2522119331795834,423
1771,1772,69,125,91,129,0.6250862560806101,191
1772,1773,54,92,75,137,0.7668335116951239,365
1773,1774,86,116,77,140,0.7055141954722376,446
1774,1775,215,103,64,132,0.4981821281157928,458
1775,1776,271,81,113,187,1.34406674879944,561
1776,1777,186,93,95,144,0.5638386071002827,447
1777,1778,275,89,89,177,1.3257184661415347,506
1778,1779,102,114,104,138,1.1925888024611646,496
1779,1780,221,104,78,179,1.3768085652595716,520
1780,1781,148,82,82,169,0.8666700121231249,526
1781,1782,293,96,93,146,0.9499126146712917,480
1782,1783,299,91,72,166,0.9874545846103677,580
1783,1784,135,133,102,104,0.7920969145049613,435
1784,1785,157,103,113,116,0.9530335617017369,447
1785,1786,73,108,88,157,1.296710702715027,431
1786,1787,130,122,95,169,0.3594605940207134,558
1787,1788,251,104,81,153,0.4659591457774879,517
1788,1789,207,139,111,183,0.3383411511192938,434
1789,1790,169,144,111,197,0.4363976934029629,320
1790,1791,108,107,106,119,0.3139470063489023,281
1791,1792,287,95,95,125,0.4710100396197905,605
1792,1793,264,126,68,156,0.13065361113172053,512
1793,1794,177,137,98,175,0.09086498301579561,529
1794,1795,273,106,110,175,-0.00100226660172624,504
1795,1796,258,132,78,138,-0.16569444592582575,505
1796,1797,163,121,97,165,-0.1436109686052503,392
1797,1798,164,138,65,144,-0.5014201866835921,407
1798,1799,258,126,111,174,-0.07415422790863996,409
1799,1800,63,113,106,145,0.09936329577485126,202
1800,1801,58,116,74,157,-0.536641455740978,229
1801,1802,89,85,116,184,-0.7545865167809247,221
1802,1803,243,86,79,133,-0.6980813328580296,403
1803,1804,286,104,68,120,-1.2653261684505055,397
1804,1805,74,112,91,147,-0.9169101771864211,217
1805,1806,152,134,63,176,-1.2121062561826343,395
1806,1807,250,137,109,142,-0.847006924827901,432
1807,1808,295,86,77,173,-1.2106166664911984,413
1808,1809,71,136,64,168,-1.0743750510337193,287
1809,1810,284,91,79,112,-1.4966075143423354,372
1810,1811,287,95,82,117,-1.2374297326375128,392
1811,1812,53,122,70,105,-0.7165217250128407,322
1812,1813,203,86,96,126,-1.0091645716666415,284
1813,1814,235,130,81,110,-0.3439904631051289,487
1814,1815,78,111,117,168,-0.8542314732551498,131
1815,1816,158,87,63,106,-0.32874682165805547,321
1816,1817,147,124,88,126,-0.5831675757340746,410
1817,1818,264,138,103,166,-0.1236747317775038,525
1818,1819,86,83,93,108,-0.5809728789838887,242
1819,1820,124,146,72,119,-0.13595489268888314,312
1820,1821,119,108,101,134,-0.13332730533103296,230
1821,1822,195,108,68,107,0.5042854368802527,602
1822,1823,177,107,101,167,0.49328362637880563,410
1823,1824,134,123,90,151,0.09495035565911436,345
1824,1825,91,83,66,125,0.5071105257448897,370
1825,1826,149,88,63,189,0.43142730542394925,302
1826,1827,90,84,78,173,1.0335879063316544,405
1827,1828,215,135,101,141,1.2044411101898347,619
1828,1829,83,129,89,108,0.45296248169996706,355
1829,1830,66,94,90,198,1.183027134999853,476
1830,1831,214,111,94,133,0.723952996648737,497
1831,1832,202,107,116,96,0.9168338422822546,586
1832,1833,279,101,80,133,1.0096762687182872,603
1833,1834,171,96,90,157,1.5376907231646975,510
1834,1835,125,138,78,123,0.6697868993167944,521
1835,1836,136,136,90,155,1.185441159478404,513
1836,1837,166,105,112,158,0.534004703202319,416
1837,1838,155,104,91,144,0.4508057904414406,299
1838,1839,135,89,61,99,0.7570497826968472,387
1839,1840,262,124,118,185,0.6696415055377054,515
1840,1841,76,90,111,131,-0.28163074880961103,345
1841,1842,106,132,69,130,0.8126020588564205,462
1842,1843,80,147,61,166,-0.2871293502866981,296
1843,1844,183,107,61,192,0.19553443345358157,354
1844,1845,268,144,119,158,0.518821315736921,460
1845,1846,217,128,83,99,0.6627551900066301,530
1846,1847,147,126,76,99,-0.229451639361879,385
1847,1848,61,131,91,191,-0.6692003893726746,205
1848,1849,286,133,75,180,0.032559580687879675,509
1849,1850,298,139,75,149,-0.20517620700769595,588
1850,1851,102,136,105,140,-0.7147624336047109,301
1851,1852,248,126,98,110,-0.8478438957035535,443
1852,1853,187,110,112,97,-0.9637283972689329,361
1853,1854,222,125,90,154,-0.9263598266140369,392
1854,1855,194,105,102,181,-0.7906355829327167,305
1855,1856,203,84,83,192,-1.1048206175064463,310
1856,1857,262,131,60,167,-1.1028159000947193,492
1857,1858,269,133,70,174,-0.8003251682748799,441
1858,1859,239,112,114,119,-1.4447242423176618,273
1859,1860,171,129,80,174,-1.1054895900721307,382
1860,1861,95,117,63,138,-1.4737241231557863,179
1861,1862,113,106,66,98,-0.9024925006795469,415
1862,1863,179,94,85,106,-1.4672776480957848,336
1863,1864,103,140,106,158,-0.5559808278457219,232
1864,1865,156,100,109,147,-1.1429019669087284,265
1865,1866,242,125,71,146,-1.1948962278492328,380
1866,1867,100,148,90,151,-0.6771487355016359,364
1867,1868,230,85,76,184,0.04860901545933438,477
1868,1869,85,117,92,141,-0.14124715101606797,323
1869,1870,164,141,70,150,-0.8160098959237446,404
1870,1871,75,141,87,129,-0.5234742605487024,311
1871,1872,78,125,91,127,-0.11868011197372096,407
1872,1873,198,92,60,132,0.792042628786581,588
1873,1874,60,82,106,152,-0.042370580103122585,216
1874,1875,89,85,87,108,0.07533931393156584,397
1875,1876,60,87,112,189,0.9229519881077943,335
1876,1877,213,123,101,139,0.6265369083098488,463
1877,1878,162,112,66,122,0.9790226664304271,469
1878,1879,236,129,61,102,0.530380886118288,620
1879,1880,88,90,101,167,0.7924931115749411,364
1880,1881,281,107,83,186,1.2801455843096876,572
1881,1882,276,149,63,151,0.8915639796646709,667
1882,1883,103,120,103,182,1.3078577766839903,526
1883,1884,147,95,78,132,1.1088890642284137,434
1884,1885,104,147,85,138,0.6881112764743244,420
1885,1886,160,127,70,125,0.9878137103942479,496
1886,1887,201,135,99,197,1.2653570151085682,493
1887,1888,295,143,109,99,1.1358411000414865,640
1888,1889,199,138,102,184,0.8733801561269657,454
1889,1890,118,141,70,95,0.2554695492022233,368
1890,1891,105,90,104,146,0.20971330374820019,424
1891,1892,82,97,62,90,0.1881309813526486,402
1892,1893,299,98,71,160,0.4149320847012175,537
1893,1894,85,134,62,147,0.3515878099357307,417
1894,1895,288,105,101,180,-0.08801853328568265,565
